<!DOCTYPE HTML>
<html lang="en">
<head>
<meta charset="utf-8">
<title>Directory listing for /</title>
</head>
<body>
<h1>Directory listing for /</h1>
<hr>
<ul>
<li><a href="test.md5">test.md5</a></li>
<li><a href="test.zip">test.zip</a></li>
</ul>
<hr>
</body>
</html>

<pytest_tempdir>/downloads0/.valid
<pytest_tempdir>/downloads0/data.txt
