
### Setting up shell environment ...


### Printing basic job infos to stdout ...

START_TIME               = 24-04-08 21:12:40 1712632360
HOSTNAME                 = mc36
USER                     = ugochukwu.nwosu1
SLURM_JOB_NAME           = Ag-Co-Mn-BHT_Ag_H_on_Ag_0-cB5kRByAkG
SLURM_JOB_ID             = 29058846
SLURM_SUBMIT_DIR         = /work/siahrostami_lab/ugo/M-BHTs/adsorption-calculations/gCRiMnnLhH/so3qDcnMLq/c2cDmXC6Cc/jD9gnRZLHK
SLURM_JOB_NUM_NODES      = 4
SLURM_NTASKS             = 160
SLURM_NODELIST           = mc[36-39]
SLURM_JOB_NODELIST       = mc[36-39]
--------------- ulimit -a -S ---------------
core file size          (blocks, -c) 0
data seg size           (kbytes, -d) unlimited
scheduling priority             (-e) 0
file size               (blocks, -f) unlimited
pending signals                 (-i) 767888
max locked memory       (kbytes, -l) unlimited
max memory size         (kbytes, -m) 189440000
open files                      (-n) 1024
pipe size            (512 bytes, -p) 8
POSIX message queues     (bytes, -q) 819200
real-time priority              (-r) 0
stack size              (kbytes, -s) unlimited
cpu time               (seconds, -t) unlimited
max user processes              (-u) 767360
virtual memory          (kbytes, -v) unlimited
file locks                      (-x) unlimited
--------------- ulimit -a -H ---------------
core file size          (blocks, -c) unlimited
data seg size           (kbytes, -d) unlimited
scheduling priority             (-e) 0
file size               (blocks, -f) unlimited
pending signals                 (-i) 767888
max locked memory       (kbytes, -l) unlimited
max memory size         (kbytes, -m) 189440000
open files                      (-n) 131072
pipe size            (512 bytes, -p) 8
POSIX message queues     (bytes, -q) 819200
real-time priority              (-r) 0
stack size              (kbytes, -s) unlimited
cpu time               (seconds, -t) unlimited
max user processes              (-u) 767888
virtual memory          (kbytes, -v) unlimited
file locks                      (-x) unlimited
----------------------------------------------

### Creating TMP_WORK_DIR directory and changing to it ...

TMP_WORK_DIR         = /scratch/29058846
TMP_BASE_DIR         = /scratch
JOB_WORK_DIR         = 29058846

### Copying input files for job (if required):

'/work/siahrostami_lab/ugo/M-BHTs/adsorption-calculations/gCRiMnnLhH/so3qDcnMLq/c2cDmXC6Cc/jD9gnRZLHK/CHGCAR' -> '/scratch/29058846/CHGCAR'
'/work/siahrostami_lab/ugo/M-BHTs/adsorption-calculations/gCRiMnnLhH/so3qDcnMLq/c2cDmXC6Cc/jD9gnRZLHK/run.py' -> '/scratch/29058846/run.py'
cp: cannot stat '/work/siahrostami_lab/ugo/M-BHTs/adsorption-calculations/gCRiMnnLhH/so3qDcnMLq/c2cDmXC6Cc/jD9gnRZLHK/*cif': No such file or directory
cp: cannot stat '/work/siahrostami_lab/ugo/M-BHTs/adsorption-calculations/gCRiMnnLhH/so3qDcnMLq/c2cDmXC6Cc/jD9gnRZLHK/POSCAR': No such file or directory
cp: cannot stat '/work/siahrostami_lab/ugo/M-BHTs/adsorption-calculations/gCRiMnnLhH/so3qDcnMLq/c2cDmXC6Cc/jD9gnRZLHK/coord': No such file or directory
cp: cannot stat '/work/siahrostami_lab/ugo/M-BHTs/adsorption-calculations/gCRiMnnLhH/so3qDcnMLq/c2cDmXC6Cc/jD9gnRZLHK/*xyz': No such file or directory
'/work/siahrostami_lab/ugo/M-BHTs/adsorption-calculations/gCRiMnnLhH/so3qDcnMLq/c2cDmXC6Cc/jD9gnRZLHK/Ag-Co-Mn-BHT_Ag_H_on_Ag_0.traj' -> '/scratch/29058846/Ag-Co-Mn-BHT_Ag_H_on_Ag_0.traj'
cp: cannot stat '/work/siahrostami_lab/ugo/M-BHTs/adsorption-calculations/gCRiMnnLhH/so3qDcnMLq/c2cDmXC6Cc/jD9gnRZLHK/CONTCAR': No such file or directory
cp: cannot stat '/work/siahrostami_lab/ugo/M-BHTs/adsorption-calculations/gCRiMnnLhH/so3qDcnMLq/c2cDmXC6Cc/jD9gnRZLHK/*.pkl': No such file or directory
cp: cannot stat '/work/siahrostami_lab/ugo/M-BHTs/adsorption-calculations/gCRiMnnLhH/so3qDcnMLq/c2cDmXC6Cc/jD9gnRZLHK/*xml': No such file or directory
'/work/siahrostami_lab/ugo/M-BHTs/adsorption-calculations/gCRiMnnLhH/so3qDcnMLq/c2cDmXC6Cc/jD9gnRZLHK/WAVECAR' -> '/scratch/29058846/WAVECAR'


Running for 23h 0m and 0s.
This means 82800 seconds.
Will terminate at 74520.0s to copy back necessary files from scratch


DEBUG:ccu.thermo.vibration:Running vibration calculation
INFO:ccu.thermo.vibration:norm of force = 0.003599001072158773
INFO:ccu.thermo.vibration:max force = 0.003599001072158773
INFO:ccu.thermo.vibration:>>> BEGIN print full force:
INFO:ccu.thermo.vibration:0.0, 0.0, 0.0
INFO:ccu.thermo.vibration:0.0, 0.0, 0.0
INFO:ccu.thermo.vibration:0.0, 0.0, 0.0
INFO:ccu.thermo.vibration:0.0, 0.0, 0.0
INFO:ccu.thermo.vibration:0.0, 0.0, 0.0
INFO:ccu.thermo.vibration:0.0, 0.0, 0.0
INFO:ccu.thermo.vibration:0.0, 0.0, 0.0
INFO:ccu.thermo.vibration:0.0, 0.0, 0.0
INFO:ccu.thermo.vibration:0.0, 0.0, 0.0
INFO:ccu.thermo.vibration:0.0, 0.0, 0.0
INFO:ccu.thermo.vibration:0.0, 0.0, 0.0
INFO:ccu.thermo.vibration:0.0, 0.0, 0.0
INFO:ccu.thermo.vibration:0.0, 0.0, 0.0
INFO:ccu.thermo.vibration:0.0, 0.0, 0.0
INFO:ccu.thermo.vibration:0.0, 0.0, 0.0
INFO:ccu.thermo.vibration:0.00316537, 0.00091426, 0.00144823
INFO:ccu.thermo.vibration:<<< END print full force:
DEBUG:ccu.thermo.vibration:Successfully ran vibration calculation. ZPE: 0.2149149622768737

real	28m45.713s
user	1054m58.567s
sys	61m8.485s

Time limit not reached.


### Cleaning up files ... removing unnecessary scratch files ...


### Compressing results and copying back result archive ...


Creating result tgz-file '/work/siahrostami_lab/ugo/M-BHTs/adsorption-calculations/gCRiMnnLhH/so3qDcnMLq/c2cDmXC6Cc/jD9gnRZLHK/29058846.tgz' ...

29058846/
29058846/CHGCAR
29058846/run.py
29058846/Ag-Co-Mn-BHT_Ag_H_on_Ag_0.traj
29058846/WAVECAR
29058846/POSCAR
29058846/INCAR
29058846/POTCAR
29058846/KPOINTS
29058846/ase-sort.dat
29058846/vasp.out
29058846/vdw_kernel.bindat
29058846/vasprun.xml
29058846/OUTCAR
29058846/EIGENVAL
29058846/CONTCAR
29058846/DOSCAR
29058846/OSZICAR
29058846/PCDAT
29058846/XDATCAR
29058846/CHG
29058846/REPORT
29058846/IBZKPT
29058846/PROCAR
29058846/vib/
29058846/vib/cache.eq.json
29058846/vib/cache.15x-.json
29058846/vib/cache.15x--.json
29058846/vib/cache.15x+.json
29058846/vib/cache.15x++.json
29058846/vib/cache.15y-.json
29058846/vib/cache.15y--.json
29058846/vib/cache.15y+.json
29058846/vib/cache.15y++.json
29058846/vib/cache.15z-.json
29058846/vib/cache.15z--.json
29058846/vib/cache.15z+.json
29058846/vib/cache.15z++.json
29058846/vib.txt
29058846/vib.0.traj
29058846/vib.1.traj
29058846/vib.2.traj

### Remove TMP_WORK_DIR ...

removed '/scratch/29058846/CHGCAR'
removed '/scratch/29058846/run.py'
removed '/scratch/29058846/Ag-Co-Mn-BHT_Ag_H_on_Ag_0.traj'
removed '/scratch/29058846/WAVECAR'
removed '/scratch/29058846/POSCAR'
removed '/scratch/29058846/INCAR'
removed '/scratch/29058846/POTCAR'
removed '/scratch/29058846/KPOINTS'
removed '/scratch/29058846/ase-sort.dat'
removed '/scratch/29058846/vasp.out'
removed '/scratch/29058846/vdw_kernel.bindat'
removed '/scratch/29058846/vasprun.xml'
removed '/scratch/29058846/OUTCAR'
removed '/scratch/29058846/EIGENVAL'
removed '/scratch/29058846/CONTCAR'
removed '/scratch/29058846/DOSCAR'
removed '/scratch/29058846/OSZICAR'
removed '/scratch/29058846/PCDAT'
removed '/scratch/29058846/XDATCAR'
removed '/scratch/29058846/CHG'
removed '/scratch/29058846/REPORT'
removed '/scratch/29058846/IBZKPT'
removed '/scratch/29058846/PROCAR'
removed '/scratch/29058846/vib/cache.eq.json'
removed '/scratch/29058846/vib/cache.15x-.json'
removed '/scratch/29058846/vib/cache.15x--.json'
removed '/scratch/29058846/vib/cache.15x+.json'
removed '/scratch/29058846/vib/cache.15x++.json'
removed '/scratch/29058846/vib/cache.15y-.json'
removed '/scratch/29058846/vib/cache.15y--.json'
removed '/scratch/29058846/vib/cache.15y+.json'
removed '/scratch/29058846/vib/cache.15y++.json'
removed '/scratch/29058846/vib/cache.15z-.json'
removed '/scratch/29058846/vib/cache.15z--.json'
removed '/scratch/29058846/vib/cache.15z+.json'
removed '/scratch/29058846/vib/cache.15z++.json'
removed directory '/scratch/29058846/vib'
removed '/scratch/29058846/vib.txt'
removed '/scratch/29058846/vib.0.traj'
removed '/scratch/29058846/vib.1.traj'
removed '/scratch/29058846/vib.2.traj'
rm: cannot remove '/scratch/29058846': Permission denied

Extracting result tgz-file

END_TIME             = 24-04-08 21:43:03 1712634183

### Exiting with exit code 0...
