
### Setting up shell environment ...


### Setting up shell environment ...


### Printing basic job infos to stdout ...

START_TIME               = 23-08-30 12:29:13 1693420153
HOSTNAME                 = fc67
USER                     = ugochukwu.nwosu1
SLURM_JOB_NAME           = vasp.sh
SLURM_JOB_ID             = 22189181
SLURM_SUBMIT_DIR         = /work/siahrostami_lab/ugo/M-BHTs/adsorption-calculations/gBxmH5XsRq/s55UKjRuzF/cMg7NCGptK/jJPQg3Puwz
SLURM_JOB_NUM_NODES      = 4
SLURM_NTASKS             = 160
SLURM_NODELIST           = fc[67-70]
SLURM_JOB_NODELIST       = fc[67-70]
--------------- ulimit -a -S ---------------
core file size          (blocks, -c) 0
data seg size           (kbytes, -d) unlimited
scheduling priority             (-e) 0
file size               (blocks, -f) unlimited
pending signals                 (-i) 767943
max locked memory       (kbytes, -l) unlimited
max memory size         (kbytes, -m) 189440000
open files                      (-n) 1024
pipe size            (512 bytes, -p) 8
POSIX message queues     (bytes, -q) 819200
real-time priority              (-r) 0
stack size              (kbytes, -s) unlimited
cpu time               (seconds, -t) unlimited
max user processes              (-u) 767380
virtual memory          (kbytes, -v) unlimited
file locks                      (-x) unlimited
--------------- ulimit -a -H ---------------
core file size          (blocks, -c) unlimited
data seg size           (kbytes, -d) unlimited
scheduling priority             (-e) 0
file size               (blocks, -f) unlimited
pending signals                 (-i) 767943
max locked memory       (kbytes, -l) unlimited
max memory size         (kbytes, -m) 189440000
open files                      (-n) 131072
pipe size            (512 bytes, -p) 8
POSIX message queues     (bytes, -q) 819200
real-time priority              (-r) 0
stack size              (kbytes, -s) unlimited
cpu time               (seconds, -t) unlimited
max user processes              (-u) 767943
virtual memory          (kbytes, -v) unlimited
file locks                      (-x) unlimited
----------------------------------------------



### Creating TMP_WORK_DIR directory and changing to it ...

JOB_WORK_DIR         = 22189181
TMP_BASE_DIR         = /scratch
TMP_WORK_DIR         = /scratch/22189181

### Copying input files for job (if required):

cp: cannot stat '/work/siahrostami_lab/ugo/M-BHTs/adsorption-calculations/gBxmH5XsRq/s55UKjRuzF/cMg7NCGptK/jJPQg3Puwz/*pckl': No such file or directory
cp: cannot stat '/work/siahrostami_lab/ugo/M-BHTs/adsorption-calculations/gBxmH5XsRq/s55UKjRuzF/cMg7NCGptK/jJPQg3Puwz/CHGCAR': No such file or directory
'/work/siahrostami_lab/ugo/M-BHTs/adsorption-calculations/gBxmH5XsRq/s55UKjRuzF/cMg7NCGptK/jJPQg3Puwz/run.py' -> '/scratch/22189181/run.py'
cp: cannot stat '/work/siahrostami_lab/ugo/M-BHTs/adsorption-calculations/gBxmH5XsRq/s55UKjRuzF/cMg7NCGptK/jJPQg3Puwz/*cif': No such file or directory
cp: cannot stat '/work/siahrostami_lab/ugo/M-BHTs/adsorption-calculations/gBxmH5XsRq/s55UKjRuzF/cMg7NCGptK/jJPQg3Puwz/POSCAR': No such file or directory
cp: cannot stat '/work/siahrostami_lab/ugo/M-BHTs/adsorption-calculations/gBxmH5XsRq/s55UKjRuzF/cMg7NCGptK/jJPQg3Puwz/coord': No such file or directory
cp: cannot stat '/work/siahrostami_lab/ugo/M-BHTs/adsorption-calculations/gBxmH5XsRq/s55UKjRuzF/cMg7NCGptK/jJPQg3Puwz/*xyz': No such file or directory
'/work/siahrostami_lab/ugo/M-BHTs/adsorption-calculations/gBxmH5XsRq/s55UKjRuzF/cMg7NCGptK/jJPQg3Puwz/Co-BHT_on_Co_vertical_5.traj' -> '/scratch/22189181/Co-BHT_on_Co_vertical_5.traj'
cp: cannot stat '/work/siahrostami_lab/ugo/M-BHTs/adsorption-calculations/gBxmH5XsRq/s55UKjRuzF/cMg7NCGptK/jJPQg3Puwz/CONTCAR': No such file or directory
cp: cannot stat '/work/siahrostami_lab/ugo/M-BHTs/adsorption-calculations/gBxmH5XsRq/s55UKjRuzF/cMg7NCGptK/jJPQg3Puwz/*.pkl': No such file or directory
cp: cannot stat '/work/siahrostami_lab/ugo/M-BHTs/adsorption-calculations/gBxmH5XsRq/s55UKjRuzF/cMg7NCGptK/jJPQg3Puwz/*xml': No such file or directory
'/work/siahrostami_lab/ugo/M-BHTs/adsorption-calculations/gBxmH5XsRq/s55UKjRuzF/cMg7NCGptK/jJPQg3Puwz/WAVECAR' -> '/scratch/22189181/WAVECAR'



Running for 5h 0m and 0s.
This means 18000 seconds.
Will terminate at 16200.0s to copy back necessary files from scratch


/work/siahrostami_lab/ugo/software/python-packages/builds/ase/ase-3.22.1/ase/calculators/vasp/create_input.py:1335: ResourceWarning: unclosed file <_io.TextIOWrapper name='./ase-sort.dat' mode='w' encoding='utf-8'>
  self.write_sort_file(directory=directory)
ResourceWarning: Enable tracemalloc to get the object allocation traceback

real	7m24.524s
user	254m57.604s
sys	20m43.694s

Time limit not reached.


### Cleaning up files ... removing unnecessary scratch files ...

removed 'EIGENVAL'
removed 'IBZKPT'
removed 'PCDAT'

### Compressing results and copying back result archive ...


Creating result tgz-file '/work/siahrostami_lab/ugo/M-BHTs/adsorption-calculations/gBxmH5XsRq/s55UKjRuzF/cMg7NCGptK/jJPQg3Puwz/22189181.tgz' ...

22189181/
22189181/run.py
22189181/Co-BHT_on_Co_vertical_5.traj
22189181/WAVECAR
22189181/POSCAR
22189181/INCAR
22189181/POTCAR
22189181/KPOINTS
22189181/ase-sort.dat
22189181/vasp.out
22189181/vdw_kernel.bindat
22189181/CHGCAR
22189181/vasprun.xml
22189181/OUTCAR
22189181/CONTCAR
22189181/DOSCAR
22189181/OSZICAR
22189181/XDATCAR
22189181/CHG
22189181/REPORT
22189181/AECCAR1
22189181/AECCAR0
22189181/AECCAR2
22189181/PROCAR
22189181/final.traj
22189181/final.e

### Remove TMP_WORK_DIR ...

removed '/scratch/22189181/run.py'
removed '/scratch/22189181/Co-BHT_on_Co_vertical_5.traj'
removed '/scratch/22189181/WAVECAR'
removed '/scratch/22189181/POSCAR'
removed '/scratch/22189181/INCAR'
removed '/scratch/22189181/POTCAR'
removed '/scratch/22189181/KPOINTS'
removed '/scratch/22189181/ase-sort.dat'
removed '/scratch/22189181/vasp.out'
removed '/scratch/22189181/vdw_kernel.bindat'
removed '/scratch/22189181/CHGCAR'
removed '/scratch/22189181/vasprun.xml'
removed '/scratch/22189181/OUTCAR'
removed '/scratch/22189181/CONTCAR'
removed '/scratch/22189181/DOSCAR'
removed '/scratch/22189181/OSZICAR'
removed '/scratch/22189181/XDATCAR'
removed '/scratch/22189181/CHG'
removed '/scratch/22189181/REPORT'
removed '/scratch/22189181/AECCAR1'
removed '/scratch/22189181/AECCAR0'
removed '/scratch/22189181/AECCAR2'
removed '/scratch/22189181/PROCAR'
removed '/scratch/22189181/final.traj'
removed '/scratch/22189181/final.e'
rm: cannot remove '/scratch/22189181': Permission denied

Extracting result tgz-file

/var/spool/slurmd/job22189181/slurm_script: line 180: ws_release: command not found
END_TIME             = 23-08-30 12:48:27 1693421307

### Exiting with exit code 0...
