Protein identifier	Contig id	Start	Stop	Strand	Gene symbol	Sequence name	Scope	Element type	Element subtype	Class	Subclass	Method	Target length	Reference sequence length	% Coverage of reference sequence	% Identity to reference sequence	Alignment length	Accession of closest sequence	Name of closest sequence	HMM id	HMM description
NA	NODE_34_length_49605_cov_32.645917	48608	49480	-	blaCTX-M-15	class A extended-spectrum beta-lactamase CTX-M-15	core	AMR	AMR	BETA-LACTAM	CEPHALOSPORIN	PARTIALX	291	291	100.00	100.00	291	WP_000239590.1	class A extended-spectrum beta-lactamase CTX-M-15	NA	NA
NA	NODE_34_length_49605_cov_32.645917	48608	49480	-	blaCTX-M-15	class A extended-spectrum beta-lactamase CTX-M-15	core	AMR	AMR	BETA-LACTAM	CEPHALOSPORIN	EXACTX	291	291	100.00	100.00	291	WP_000239590.1	class A extended-spectrum beta-lactamase CTX-M-15	NA	NA
NA	NODE_3_length_320311_cov_32.212582	276517	277374	-	blaSHV-11	class A broad-spectrum beta-lactamase SHV-11	core	AMR	AMR	BETA-LACTAM	BETA-LACTAM	ALLELEX	286	286	100.00	100.00	286	WP_004176269.1	class A broad-spectrum beta-lactamase SHV-11	NA	NA
NA	NODE_49_length_14543_cov_32.354694	901	1542	-	qnrB1	quinolone resistance pentapeptide repeat protein QnrB1	core	VIRULENCE	METAL	METAL	METAL	ALLELEX	214	214	100.00	100.00	214	WP_014386481.1	quinolone resistance pentapeptide repeat protein QnrB1	NA	NA